[    0.000000] Linux version 4.15.0-212-generic (buildd@lcy02-amd64-083) (gcc version 7.5.0 (Ubuntu 7.5.0-3ubuntu1~18.04)) #223-Ubuntu SMP Tue May 23 13:09:22 UTC 2023 (Ubuntu 4.15.0-212.223-generic 4.15.18)
[    0.000000] Command line: BOOT_IMAGE=/boot/vmlinuz-4.15.0-212-generic root=LABEL=cloudimg-rootfs ro console=tty1 console=ttyS0
[    0.000000] KERNEL supported cpus:
[    0.000000]   Intel GenuineIntel
[    0.000000]   AMD AuthenticAMD
[    0.000000]   Centaur CentaurHauls
[    0.000000] x86/fpu: Supporting XSAVE feature 0x001: 'x87 floating point registers'
[    0.000000] x86/fpu: Supporting XSAVE feature 0x002: 'SSE registers'
[    0.000000] x86/fpu: Supporting XSAVE feature 0x004: 'AVX registers'
[    0.000000] x86/fpu: xstate_offset[2]:  576, xstate_sizes[2]:  256
[    0.000000] x86/fpu: Enabled xstate features 0x7, context size is 832 bytes, using 'standard' format.
[    0.000000] e820: BIOS-provided physical RAM map:
[    0.000000] BIOS-e820: [mem 0x0000000000000000-0x000000000009fbff] usable
[    0.000000] BIOS-e820: [mem 0x000000000009fc00-0x000000000009ffff] reserved
[    0.000000] BIOS-e820: [mem 0x00000000000f0000-0x00000000000fffff] reserved
[    0.000000] BIOS-e820: [mem 0x0000000000100000-0x000000003ffeffff] usable
[    0.000000] BIOS-e820: [mem 0x000000003fff0000-0x000000003fffffff] ACPI data
[    0.000000] BIOS-e820: [mem 0x00000000fec00000-0x00000000fec00fff] reserved
[    0.000000] BIOS-e820: [mem 0x00000000fee00000-0x00000000fee00fff] reserved
[    0.000000] BIOS-e820: [mem 0x00000000fffc0000-0x00000000ffffffff] reserved
[    0.000000] NX (Execute Disable) protection: active
[    0.000000] SMBIOS 2.5 present.
[    0.000000] DMI: innotek GmbH VirtualBox/VirtualBox, BIOS VirtualBox 12/01/2006
[    0.000000] Hypervisor detected: KVM
[    0.000000] e820: last_pfn = 0x3fff0 max_arch_pfn = 0x400000000
[    0.000000] MTRR: Disabled
[    0.000000] x86/PAT: MTRRs disabled, skipping PAT initialization too.
[    0.000000] CPU MTRRs all blank - virtualized system.
[    0.000000] x86/PAT: Configuration [0-7]: WB  WT  UC- UC  WB  WT  UC- UC  
[    0.000000] found SMP MP-table at [mem 0x0009fff0-0x0009ffff]
[    0.000000] Scanning 1 areas for low memory corruption
[    0.000000] RAMDISK: [mem 0x359cb000-0x36cdcfff]
[    0.000000] ACPI: Early table checksum verification disabled
[    0.000000] ACPI: RSDP 0x00000000000E0000 000024 (v02 VBOX  )
[    0.000000] ACPI: XSDT 0x000000003FFF0030 00003C (v01 VBOX   VBOXXSDT 00000001 ASL  00000061)
[    0.000000] ACPI: FACP 0x000000003FFF00F0 0000F4 (v04 VBOX   VBOXFACP 00000001 ASL  00000061)
[    0.000000] ACPI: DSDT 0x000000003FFF0610 002353 (v02 VBOX   VBOXBIOS 00000002 INTL 20100528)
[    0.000000] ACPI: FACS 0x000000003FFF0200 000040
[    0.000000] ACPI: FACS 0x000000003FFF0200 000040
[    0.000000] ACPI: APIC 0x000000003FFF0240 00005C (v02 VBOX   VBOXAPIC 00000001 ASL  00000061)
[    0.000000] ACPI: SSDT 0x000000003FFF02A0 00036C (v01 VBOX   VBOXCPUT 00000002 INTL 20100528)
[    0.000000] ACPI: Reserving FACP table memory at [mem 0x3fff00f0-0x3fff01e3]
[    0.000000] ACPI: Reserving DSDT table memory at [mem 0x3fff0610-0x3fff2962]
[    0.000000] ACPI: Reserving FACS table memory at [mem 0x3fff0200-0x3fff023f]
[    0.000000] ACPI: Reserving FACS table memory at [mem 0x3fff0200-0x3fff023f]
[    0.000000] ACPI: Reserving APIC table memory at [mem 0x3fff0240-0x3fff029b]
[    0.000000] ACPI: Reserving SSDT table memory at [mem 0x3fff02a0-0x3fff060b]
[    0.000000] No NUMA configuration found
[    0.000000] Faking a node at [mem 0x0000000000000000-0x000000003ffeffff]
[    0.000000] NODE_DATA(0) allocated [mem 0x3ffc5000-0x3ffeffff]
[    0.000000] kvm-clock: cpu 0, msr 0:3ff44001, primary cpu clock
[    0.000000] kvm-clock: Using msrs 4b564d01 and 4b564d00
[    0.000000] kvm-clock: using sched offset of 3352178550 cycles
[    0.000000] clocksource: kvm-clock: mask: 0xffffffffffffffff max_cycles: 0x1cd42e4dffb, max_idle_ns: 881590591483 ns
[    0.000000] Zone ranges:
[    0.000000]   DMA      [mem 0x0000000000001000-0x0000000000ffffff]
[    0.000000]   DMA32    [mem 0x0000000001000000-0x000000003ffeffff]
[    0.000000]   Normal   empty
[    0.000000]   Device   empty
[    0.000000] Movable zone start for each node
[    0.000000] Early memory node ranges
[    0.000000]   node   0: [mem 0x0000000000001000-0x000000000009efff]
[    0.000000]   node   0: [mem 0x0000000000100000-0x000000003ffeffff]
[    0.000000] Reserved but unavailable: 104 pages
[    0.000000] Initmem setup node 0 [mem 0x0000000000001000-0x000000003ffeffff]
[    0.000000] ACPI: PM-Timer IO Port: 0x4008
[    0.000000] IOAPIC[0]: apic_id 2, version 32, address 0xfec00000, GSI 0-23
[    0.000000] ACPI: INT_SRC_OVR (bus 0 bus_irq 0 global_irq 2 dfl dfl)
[    0.000000] ACPI: INT_SRC_OVR (bus 0 bus_irq 9 global_irq 9 low level)
[    0.000000] Using ACPI (MADT) for SMP configuration information
[    0.000000] smpboot: Allowing 2 CPUs, 0 hotplug CPUs
[    0.000000] PM: Registered nosave memory: [mem 0x00000000-0x00000fff]
[    0.000000] PM: Registered nosave memory: [mem 0x0009f000-0x0009ffff]
[    0.000000] PM: Registered nosave memory: [mem 0x000a0000-0x000effff]
[    0.000000] PM: Registered nosave memory: [mem 0x000f0000-0x000fffff]
[    0.000000] e820: [mem 0x40000000-0xfebfffff] available for PCI devices
[    0.000000] Booting paravirtualized kernel on KVM
[    0.000000] clocksource: refined-jiffies: mask: 0xffffffff max_cycles: 0xffffffff, max_idle_ns: 7645519600211568 ns
[    0.000000] setup_percpu: NR_CPUS:8192 nr_cpumask_bits:2 nr_cpu_ids:2 nr_node_ids:1
[    0.000000] percpu: Embedded 50 pages/cpu s167936 r8192 d28672 u1048576
[    0.000000] PV qspinlock hash table entries: 256 (order: 0, 4096 bytes)
[    0.000000] Built 1 zonelists, mobility grouping on.  Total pages: 257913
[    0.000000] Policy zone: DMA32
[    0.000000] Kernel command line: BOOT_IMAGE=/boot/vmlinuz-4.15.0-212-generic root=LABEL=cloudimg-rootfs ro console=tty1 console=ttyS0
[    0.000000] Memory: 982644K/1048120K available (12300K kernel code, 2477K rwdata, 4324K rodata, 2480K init, 2720K bss, 65476K reserved, 0K cma-reserved)
[    0.000000] SLUB: HWalign=64, Order=0-3, MinObjects=0, CPUs=2, Nodes=1
[    0.000000] ftrace: allocating 39508 entries in 155 pages
[    0.004000] Hierarchical RCU implementation.
[    0.004000] 	RCU restricting CPUs from NR_CPUS=8192 to nr_cpu_ids=2.
[    0.004000] 	Tasks RCU enabled.
[    0.004000] RCU: Adjusting geometry for rcu_fanout_leaf=16, nr_cpu_ids=2
[    0.004000] NR_IRQS: 524544, nr_irqs: 440, preallocated irqs: 16
[    0.004000] random: crng init done
[    0.004000] Console: colour VGA+ 80x25
[    0.004000] console [tty1] enabled
[    0.004000] console [ttyS0] enabled
[    0.004000] ACPI: Core revision 20170831
[    0.004000] ACPI: 2 ACPI AML tables successfully acquired and loaded
[    0.004000] APIC: Switch to symmetric I/O mode setup
[    0.004000] x2apic enabled
[    0.004000] Switched APIC routing to physical x2apic.
[    0.004000] ..TIMER: vector=0x30 apic1=0 pin1=2 apic2=-1 pin2=-1
[    0.004005] tsc: Detected 2112.004 MHz processor
[    0.004669] Calibrating delay loop (skipped) preset value.. 4224.00 BogoMIPS (lpj=8448016)
[    0.005199] pid_max: default: 32768 minimum: 301
[    0.005886] Security Framework initialized
[    0.006487] Yama: becoming mindful.
[    0.007033] AppArmor: AppArmor initialized
[    0.012011] Dentry cache hash table entries: 131072 (order: 8, 1048576 bytes)
[    0.013295] Inode-cache hash table entries: 65536 (order: 7, 524288 bytes)
[    0.014422] Mount-cache hash table entries: 2048 (order: 2, 16384 bytes)
[    0.016006] Mountpoint-cache hash table entries: 2048 (order: 2, 16384 bytes)
[    0.017321] Last level iTLB entries: 4KB 64, 2MB 8, 4MB 8
[    0.018177] Last level dTLB entries: 4KB 64, 2MB 0, 4MB 0, 1GB 4
[    0.019104] Spectre V1 : Mitigation: usercopy/swapgs barriers and __user pointer sanitization
[    0.020003] Spectre V2 : Mitigation: Retpolines
[    0.020751] Spectre V2 : Spectre v2 / SpectreRSB mitigation: Filling RSB on context switch
[    0.022070] Spectre V2 : Spectre v2 / SpectreRSB : Filling RSB on VMEXIT
[    0.024002] RETBleed: WARNING: Spectre v2 mitigation leaves CPU vulnerable to RETBleed attacks, data leaks possible!
[    0.025535] RETBleed: Vulnerable
[    0.026072] Speculative Store Bypass: Vulnerable
[    0.026832] MMIO Stale Data: Vulnerable: Clear CPU buffers attempted, no microcode
[    0.028004] SRBDS: Unknown: Dependent on hypervisor status
[    0.028991] Freeing SMP alternatives memory: 36K
[    0.139669] smpboot: CPU0: Intel(R) Core(TM) i5-10210U CPU @ 1.60GHz (family: 0x6, model: 0x8e, stepping: 0xc)
[    0.140000] Performance Events: unsupported p6 CPU model 142 no PMU driver, software events only.
[    0.140035] Hierarchical SRCU implementation.
[    0.141290] NMI watchdog: Perf event create on CPU 0 failed with -2
[    0.142252] NMI watchdog: Perf NMI watchdog permanently disabled
[    0.143213] smp: Bringing up secondary CPUs ...
[    0.144000] x86: Booting SMP configuration:
[    0.144002] .... node  #0, CPUs:      #1
[    0.004000] kvm-clock: cpu 1, msr 0:3ff44041, secondary cpu clock
[    0.148021] smp: Brought up 1 node, 2 CPUs
[    0.148744] smpboot: Max logical packages: 1
[    0.149465] smpboot: Total of 2 processors activated (8448.01 BogoMIPS)
[    0.150598] devtmpfs: initialized
[    0.152050] x86/mm: Memory block size: 128MB
[    0.152897] evm: security.selinux
[    0.153474] evm: security.SMACK64
[    0.154039] evm: security.SMACK64EXEC
[    0.154663] evm: security.SMACK64TRANSMUTE
[    0.155320] evm: security.SMACK64MMAP
[    0.156002] evm: security.apparmor
[    0.156572] evm: security.ima
[    0.157089] evm: security.capability
[    0.157720] clocksource: jiffies: mask: 0xffffffff max_cycles: 0xffffffff, max_idle_ns: 7645041785100000 ns
[    0.157720] futex hash table entries: 512 (order: 3, 32768 bytes)
[    0.160041] pinctrl core: initialized pinctrl subsystem
[    0.164098] RTC time: 14:37:44, date: 11/30/23
[    0.165028] NET: Registered protocol family 16
[    0.168082] audit: initializing netlink subsys (disabled)
[    0.168983] audit: type=2000 audit(1701355069.934:1): state=initialized audit_enabled=0 res=1
[    0.169380] cpuidle: using governor ladder
[    0.169380] cpuidle: using governor menu
[    0.169380] ACPI: bus type PCI registered
[    0.172009] acpiphp: ACPI Hot Plug PCI Controller Driver version: 0.5
[    0.173134] PCI: Using configuration type 1 for base access
[    0.174022] HugeTLB registered 2.00 MiB page size, pre-allocated 0 pages
[    0.176061] ACPI: Added _OSI(Module Device)
[    0.176765] ACPI: Added _OSI(Processor Device)
[    0.177471] ACPI: Added _OSI(3.0 _SCP Extensions)
[    0.178254] ACPI: Added _OSI(Processor Aggregator Device)
[    0.179138] ACPI: Added _OSI(Linux-Dell-Video)
[    0.180003] ACPI: Added _OSI(Linux-Lenovo-NV-HDMI-Audio)
[    0.180885] ACPI: Added _OSI(Linux-HPI-Hybrid-Graphics)
[    0.181978] ACPI: Executed 1 blocks of module-level executable AML code
[    0.186541] ACPI: Interpreter enabled
[    0.187231] ACPI: (supports S0 S5)
[    0.188003] ACPI: Using IOAPIC for interrupt routing
[    0.189093] PCI: Using host bridge windows from ACPI; if necessary, use "pci=nocrs" and report a bug
[    0.190676] ACPI: Enabled 2 GPEs in block 00 to 07
[    0.197164] ACPI: PCI Root Bridge [PCI0] (domain 0000 [bus 00-ff])
[    0.198311] acpi PNP0A03:00: _OSC: OS supports [ASPM ClockPM Segments MSI]
[    0.199990] acpi PNP0A03:00: _OSC: not requesting OS control; OS requires [ExtendedConfig ASPM ClockPM MSI]
[    0.200012] acpi PNP0A03:00: fail to add MMCONFIG information, can't access extended PCI configuration space under this bridge.
[    0.202265] PCI host bridge to bus 0000:00
[    0.204004] pci_bus 0000:00: root bus resource [io  0x0000-0x0cf7 window]
[    0.205654] pci_bus 0000:00: root bus resource [io  0x0d00-0xffff window]
[    0.206693] pci_bus 0000:00: root bus resource [mem 0x000a0000-0x000bffff window]
[    0.208003] pci_bus 0000:00: root bus resource [mem 0x40000000-0xfdffffff window]
[    0.209203] pci_bus 0000:00: root bus resource [bus 00-ff]
[    0.212282] pci 0000:00:01.1: legacy IDE quirk: reg 0x10: [io  0x01f0-0x01f7]
[    0.213378] pci 0000:00:01.1: legacy IDE quirk: reg 0x14: [io  0x03f6]
[    0.214379] pci 0000:00:01.1: legacy IDE quirk: reg 0x18: [io  0x0170-0x0177]
[    0.215469] pci 0000:00:01.1: legacy IDE quirk: reg 0x1c: [io  0x0376]
[    0.230062] pci 0000:00:07.0: quirk: [io  0x4000-0x403f] claimed by PIIX4 ACPI
[    0.231522] pci 0000:00:07.0: quirk: [io  0x4100-0x410f] claimed by PIIX4 SMB
[    0.241798] ACPI: PCI Interrupt Link [LNKA] (IRQs 5 9 10 *11)
[    0.243670] ACPI: PCI Interrupt Link [LNKB] (IRQs 5 9 *10 11)
[    0.244168] ACPI: PCI Interrupt Link [LNKC] (IRQs 5 *9 10 11)
[    0.245332] ACPI: PCI Interrupt Link [LNKD] (IRQs 5 9 10 *11)
[    0.246801] SCSI subsystem initialized
[    0.248046] pci 0000:00:02.0: vgaarb: setting as boot VGA device
[    0.249025] pci 0000:00:02.0: vgaarb: VGA device added: decodes=io+mem,owns=io+mem,locks=none
[    0.250426] pci 0000:00:02.0: vgaarb: bridge control possible
[    0.252010] vgaarb: loaded
[    0.252530] ACPI: bus type USB registered
[    0.253227] usbcore: registered new interface driver usbfs
[    0.254110] usbcore: registered new interface driver hub
[    0.254969] usbcore: registered new device driver usb
[    0.256049] EDAC MC: Ver: 3.0.0
[    0.256861] PCI: Using ACPI for IRQ routing
[    0.256989] NetLabel: Initializing
[    0.257572] NetLabel:  domain hash size = 128
[    0.258300] NetLabel:  protocols = UNLABELED CIPSOv4 CALIPSO
[    0.260018] NetLabel:  unlabeled traffic allowed by default
[    0.260949] clocksource: Switched to clocksource kvm-clock
[    0.285029] VFS: Disk quotas dquot_6.6.0
[    0.285931] VFS: Dquot-cache hash table entries: 512 (order 0, 4096 bytes)
[    0.287339] AppArmor: AppArmor Filesystem Enabled
[    0.288305] pnp: PnP ACPI init
[    0.290038] pnp: PnP ACPI: found 3 devices
[    0.301074] clocksource: acpi_pm: mask: 0xffffff max_cycles: 0xffffff, max_idle_ns: 2085701024 ns
[    0.302831] NET: Registered protocol family 2
[    0.303709] IP idents hash table entries: 16384 (order: 5, 131072 bytes)
[    0.311604] TCP established hash table entries: 8192 (order: 4, 65536 bytes)
[    0.312887] TCP bind hash table entries: 8192 (order: 5, 131072 bytes)
[    0.313967] TCP: Hash tables configured (established 8192 bind 8192)
[    0.315018] UDP hash table entries: 512 (order: 2, 16384 bytes)
[    0.315952] UDP-Lite hash table entries: 512 (order: 2, 16384 bytes)
[    0.316988] NET: Registered protocol family 1
[    0.317697] pci 0000:00:00.0: Limiting direct PCI/PCI transfers
[    0.318647] pci 0000:00:01.0: Activating ISA DMA hang workarounds
[    0.319625] pci 0000:00:02.0: Video device with shadowed ROM at [mem 0x000c0000-0x000dffff]
[    0.321044] Unpacking initramfs...
[    0.808802] Freeing initrd memory: 19528K
[    0.809960] clocksource: tsc: mask: 0xffffffffffffffff max_cycles: 0x1e717c37157, max_idle_ns: 440795284133 ns
[    0.813354] platform rtc_cmos: registered platform RTC device (no PNP device found)
[    0.815082] Scanning for low memory corruption every 60 seconds
[    0.816890] Initialise system trusted keyrings
[    0.818018] Key type blacklist registered
[    0.819144] workingset: timestamp_bits=36 max_order=18 bucket_order=0
[    0.821711] zbud: loaded
[    0.822796] squashfs: version 4.0 (2009/01/31) Phillip Lougher
[    0.824136] fuse init (API version 7.26)
[    0.826995] Key type asymmetric registered
[    0.827792] Asymmetric key parser 'x509' registered
[    0.828764] Block layer SCSI generic (bsg) driver version 0.4 loaded (major 246)
[    0.830144] io scheduler noop registered
[    0.830860] io scheduler deadline registered
[    0.831756] io scheduler cfq registered (default)
[    0.832935] ACPI: AC Adapter [AC] (on-line)
[    0.833724] input: Power Button as /devices/LNXSYSTM:00/LNXPWRBN:00/input/input0
[    0.835055] ACPI: Power Button [PWRF]
[    0.835806] input: Sleep Button as /devices/LNXSYSTM:00/LNXSLPBN:00/input/input1
[    0.837182] ACPI: Sleep Button [SLPF]
[    0.838888] ACPI: Battery Slot [BAT0] (battery present)
[    0.839956] Serial: 8250/16550 driver, 32 ports, IRQ sharing enabled
[    0.862409] 00:02: ttyS0 at I/O 0x3f8 (irq = 4, base_baud = 115200) is a 16550A
[    0.866522] Linux agpgart interface v0.103
[    0.878586] loop: module loaded
[    0.879894] scsi host0: ata_piix
[    0.880705] scsi host1: ata_piix
[    0.881345] ata1: PATA max UDMA/33 cmd 0x1f0 ctl 0x3f6 bmdma 0xd000 irq 14
[    0.882518] ata2: PATA max UDMA/33 cmd 0x170 ctl 0x376 bmdma 0xd008 irq 15
[    0.883783] tun: Universal TUN/TAP device driver, 1.6
[    0.884968] PPP generic driver version 2.4.2
[    0.885724] ehci_hcd: USB 2.0 'Enhanced' Host Controller (EHCI) Driver
[    0.886727] ehci-pci: EHCI PCI platform driver
[    0.887451] ehci-platform: EHCI generic platform driver
[    0.888340] ohci_hcd: USB 1.1 'Open' Host Controller (OHCI) Driver
[    0.889305] ohci-pci: OHCI PCI platform driver
[    0.890041] ohci-platform: OHCI generic platform driver
[    0.890881] uhci_hcd: USB Universal Host Controller Interface driver
[    0.891903] i8042: PNP: PS/2 Controller [PNP0303:PS2K,PNP0f03:PS2M] at 0x60,0x64 irq 1,12
[    0.893648] serio: i8042 KBD port at 0x60,0x64 irq 1
[    0.894478] serio: i8042 AUX port at 0x60,0x64 irq 12
[    0.895455] mousedev: PS/2 mouse device common for all mice
[    0.896981] input: AT Translated Set 2 keyboard as /devices/platform/i8042/serio0/input/input2
[    0.898370] rtc_cmos rtc_cmos: rtc core: registered rtc_cmos as rtc0
[    0.899801] rtc_cmos rtc_cmos: alarms up to one day, 114 bytes nvram
[    0.900939] i2c /dev entries driver
[    0.901574] device-mapper: uevent: version 1.0.3
[    0.902453] device-mapper: ioctl: 4.37.0-ioctl (2017-09-20) initialised: dm-devel@redhat.com
[    0.903843] ledtrig-cpu: registered to indicate activity on CPUs
[    0.905158] NET: Registered protocol family 10
[    0.909052] Segment Routing with IPv6
[    0.909935] NET: Registered protocol family 17
[    0.910794] Key type dns_resolver registered
[    0.911724] mce: Using 0 MCE banks
[    0.912361] RAS: Correctable Errors collector initialized.
[    0.913270] sched_clock: Marking stable (912340732, 0)->(1069308974, -156968242)
[    0.914895] registered taskstats version 1
[    0.915584] Loading compiled-in X.509 certificates
[    0.918295] Loaded X.509 cert 'Build time autogenerated kernel key: b5b26778eaa3ab3a4a6cee031137706e947d12ad'
[    0.920370] Loaded X.509 cert 'Canonical Ltd. Live Patch Signing: 14df34d1a87cf37625abec039ef2bf521249b969'
[    0.922375] Loaded X.509 cert 'Canonical Ltd. Kernel Module Signing: 88f752e560a1e0737e31163a466ad7b70a850c19'
[    0.923838] blacklist: Loading compiled-in revocation X.509 certificates
[    0.924872] Loaded X.509 cert 'Canonical Ltd. Secure Boot Signing: 61482aa2830d0ab2ad5af10b7250da9033ddcef0'
[    0.926301] Loaded X.509 cert 'Canonical Ltd. Secure Boot Signing (2017): 242ade75ac4a15e50d50c84b0d45ff3eae707a03'
[    0.927737] Loaded X.509 cert 'Canonical Ltd. Secure Boot Signing (ESM 2018): 365188c1d374d6b07c3c8f240f8ef722433d6a8b'
[    0.929246] Loaded X.509 cert 'Canonical Ltd. Secure Boot Signing (2019): c0746fd6c5da3ae827864651ad66ae47fe24b3e8'
[    0.930700] Loaded X.509 cert 'Canonical Ltd. Secure Boot Signing (2021 v1): a8d54bbb3825cfb94fa13c9f8a594a195c107b8d'
[    0.932207] Loaded X.509 cert 'Canonical Ltd. Secure Boot Signing (2021 v2): 4cf046892d6fd3c9a5b03f98d845f90851dc6a8c'
[    0.933801] Loaded X.509 cert 'Canonical Ltd. Secure Boot Signing (2021 v3): 100437bb6de6e469b581e61cd66bce3ef4ed53af'
[    0.935301] Loaded X.509 cert 'Canonical Ltd. Secure Boot Signing (Ubuntu Core 2019): c1d57b8f6b743f23ee41f4f7ee292f06eecadfb9'
[    0.936981] zswap: loaded using pool lzo/zbud
[    0.939990] Key type big_key registered
[    0.940636] Key type trusted registered
[    0.942481] Key type encrypted registered
[    0.943106] AppArmor: AppArmor sha1 policy hashing enabled
[    0.943950] ima: No TPM chip found, activating TPM-bypass! (rc=-19)
[    0.944911] ima: Allocated hash algorithm: sha1
[    0.945585] evm: HMAC attrs: 0x1
[    0.946303]   Magic number: 15:352:638
[    0.946959] rtc_cmos rtc_cmos: setting system clock to 2023-11-30 14:37:45 UTC (1701355065)
[    0.948308] BIOS EDD facility v0.16 2004-Jun-25, 0 devices found
[    0.949183] EDD information not available.
[    1.076606] Freeing unused kernel image memory: 2480K
[    1.092270] Write protecting the kernel read-only data: 20480k
[    1.097243] Freeing unused kernel image memory: 2008K
[    1.100659] Freeing unused kernel image memory: 1820K
[    1.113165] x86/mm: Checked W+X mappings: passed, no W+X pages found.
Loading, please wait...
starting version 237
[    1.208685] e1000: Intel(R) PRO/1000 Network Driver - version 7.3.21-k8-NAPI
[    1.210768] e1000: Copyright (c) 1999-2006 Intel Corporation.
[    1.215952] Fusion MPT base driver 3.04.20
[    1.217121] Copyright (c) 1999-2008 LSI Corporation
[    1.244252] AVX2 version of gcm_enc/dec engaged.
[    1.245724] AES CTR mode by8 optimization enabled
[    1.248575] Fusion MPT SPI Host driver 3.04.20
[    1.432088] input: ImExPS/2 Generic Explorer Mouse as /devices/platform/i8042/serio1/input/input4
[    1.787442] e1000 0000:00:03.0 eth0: (PCI:33MHz:32-bit) 02:3b:7b:b7:3b:2d
[    1.792818] e1000 0000:00:03.0 eth0: Intel(R) PRO/1000 Network Connection
[    2.576221] e1000 0000:00:08.0 eth1: (PCI:33MHz:32-bit) 08:00:27:57:ee:3d
[    2.581097] e1000 0000:00:08.0 eth1: Intel(R) PRO/1000 Network Connection
[    2.591107] e1000 0000:00:03.0 enp0s3: renamed from eth0
[    2.597619] mptbase: ioc0: Initiating bringup
[    2.608637] e1000 0000:00:08.0 enp0s8: renamed from eth1
[    2.721119] ioc0: LSI53C1030 A0: Capabilities={Initiator}
[    2.974679] scsi host2: ioc0: LSI53C1030 A0, FwRev=00000000h, Ports=1, MaxQ=256, IRQ=20
[    3.149549] scsi 2:0:0:0: Direct-Access     VBOX     HARDDISK         1.0  PQ: 0 ANSI: 5
[    3.184103] scsi target2:0:0: Beginning Domain Validation
[    3.196068] scsi target2:0:0: Domain Validation skipping write tests
[    3.200555] scsi target2:0:0: Ending Domain Validation
[    3.201720] scsi target2:0:0: asynchronous
[    3.203235] scsi 2:0:1:0: Direct-Access     VBOX     HARDDISK         1.0  PQ: 0 ANSI: 5
[    3.236048] scsi target2:0:1: Beginning Domain Validation
[    3.242115] scsi target2:0:1: Domain Validation skipping write tests
[    3.243541] scsi target2:0:1: Ending Domain Validation
[    3.244671] scsi target2:0:1: asynchronous
[    3.250113] sd 2:0:0:0: Attached scsi generic sg0 type 0
[    3.251307] sd 2:0:0:0: [sda] 83886080 512-byte logical blocks: (42.9 GB/40.0 GiB)
[    3.252782] sd 2:0:0:0: [sda] Write Protect is off
[    3.253780] sd 2:0:1:0: Attached scsi generic sg1 type 0
[    3.254704] sd 2:0:0:0: [sda] Incomplete mode parameter data
[    3.255592] sd 2:0:0:0: [sda] Assuming drive cache: write through
[    3.256683] sd 2:0:1:0: [sdb] 20480 512-byte logical blocks: (10.5 MB/10.0 MiB)
[    3.258012] sd 2:0:1:0: [sdb] Write Protect is off
[    3.258979] sd 2:0:1:0: [sdb] Incomplete mode parameter data
[    3.259935] sd 2:0:1:0: [sdb] Assuming drive cache: write through
[    3.261986]  sda: sda1
[    3.263385] sd 2:0:0:0: [sda] Attached SCSI disk
[    3.264583] sd 2:0:1:0: [sdb] Attached SCSI disk
Begin: Loading essential drivers ... [    4.760054] raid6: sse2x1   gen()  8559 MB/s
[    4.808068] raid6: sse2x1   xor()  5693 MB/s
[    4.856052] raid6: sse2x2   gen() 12052 MB/s
[    4.904063] raid6: sse2x2   xor()  7809 MB/s
[    4.953560] raid6: sse2x4   gen() 13468 MB/s
[    5.001854] raid6: sse2x4   xor()  7927 MB/s
[    5.049867] raid6: avx2x1   gen() 20482 MB/s
[    5.097584] raid6: avx2x1   xor() 11878 MB/s
[    5.146963] raid6: avx2x2   gen() 22899 MB/s
[    5.210753] raid6: avx2x2   xor() 20676 MB/s
[    5.258971] raid6: avx2x4   gen() 25255 MB/s
[    5.322743] raid6: avx2x4   xor() 16683 MB/s
[    5.323981] raid6: using algorithm avx2x4 gen() 25255 MB/s
[    5.325406] raid6: .... xor() 16683 MB/s, rmw enabled
[    5.326401] raid6: using avx2x2 recovery algorithm
[    5.328850] xor: automatically using best checksumming function   avx       
[    5.331388] async_tx: api initialized (async)
done.
Begin: Running /scripts/init-premount ... done.
Begin: Mounting root file system ... Begin: Running /scripts/local-top ... done.
Begin: Running /scripts/local-premount ... [    5.378043] Btrfs loaded, crc32c=crc32c-intel
Scanning for Btrfs filesystems
done.
Warning: fsck not present, so skipping root file system
[    5.449378] EXT4-fs (sda1): mounted filesystem with ordered data mode. Opts: (null)
done.
Begin: Running /scripts/local-bottom ... done.
Begin: Running /scripts/init-bottom ... done.
[    5.636678] ip_tables: (C) 2000-2006 Netfilter Core Team
[    5.642996] systemd[1]: systemd 237 running in system mode. (+PAM +AUDIT +SELINUX +IMA +APPARMOR +SMACK +SYSVINIT +UTMP +LIBCRYPTSETUP +GCRYPT +GNUTLS +ACL +XZ +LZ4 +SECCOMP +BLKID +ELFUTILS +KMOD -IDN2 +IDN -PCRE2 default-hierarchy=hybrid)
[    5.646893] systemd[1]: Detected virtualization oracle.
[    5.648142] systemd[1]: Detected architecture x86-64.

Welcome to [1mUbuntu 18.04.6 LTS[0m!

[    5.767639] systemd[1]: Set hostname to <ubuntu>.
[    5.777172] systemd[1]: Initializing machine ID from random generator.
[    5.782158] systemd[1]: Installed transient /etc/machine-id file.
[    5.991675] systemd[1]: Reached target Swap.
[[0;32m  OK  [0m] Reached target Swap.
[    5.993054] systemd[1]: Started Forward Password Requests to Wall Directory Watch.
[[0;32m  OK  [0m] Started Forward Password Requests to Wall Directory Watch.
[    5.995225] systemd[1]: Set up automount Arbitrary Executable File Formats File System Automount Point.
[[0;32m  OK  [0m] Set up automount Arbitrary Executabâ€¦rmats File System Automount Point.
[    5.997662] systemd[1]: Reached target System Time Synchronized.
[[0;32m  OK  [0m] Reached target System Time Synchronized.
[[0;32m  OK  [0m] Created slice User and Session Slice.
[[0;32m  OK  [0m] Reached target User and Group Name Lookups.
[[0;32m  OK  [0m] Reached target Mounting snaps.
[[0;32m  OK  [0m] Reached target Mounted snaps.
[[0;32m  OK  [0m] Created slice System Slice.
[[0;32m  OK  [0m] Listening on Network Service Netlink Socket.
[[0;32m  OK  [0m] Reached target Slices.
[[0;32m  OK  [0m] Listening on udev Kernel Socket.
[[0;32m  OK  [0m] Listening on Journal Socket.
         Starting Uncomplicated firewall...
         Starting Create list of required stâ€¦ce nodes for the current kernel...
         Mounting Kernel Debug File System...
         Starting Load Kernel Modules...
[[0;32m  OK  [0m] Listening on fsck to fsckd communication Socket.
         Starting File System Check on Root Device...
[[0;32m  OK  [0m] Listening on /dev/initctl Compatibility Named Pipe.
         Mounting Huge Pages File System...
[[0;32m  OK  [0m] Listening on Device-mapper event daemon FIFOs.
[[0;32m  OK  [0m] Created slice system-serial\x2dgetty.slice.
[[0;32m  OK  [0m] Listening on Journal Audit Socket.
[[0;32m  OK  [0m] Listening on LVM2 poll daemon socket.
[[0;32m  OK  [0m] Listening on LVM2 metadata daemon socket.
         Starting Set the console keyboard layout...
         Starting Monitoring of LVM2 mirrorsâ€¦ng dmeventd or progress polling...
[[0;32m  OK  [0m] Listening on Journal Socket (/dev/log).
[[0;32m  OK  [0m] Listening on Syslog Socket.
         Starting Journal Service...
         Mounting POSIX Message Queue File System...
[[0;32m  OK  [0m] Listening on udev Control Socket.
         Starting udev Coldplug all Devices...
[[0;32m  OK  [0m] Started Uncomplicated firewall.
[[0;32m  OK  [0m] Started Create list of required staâ€¦vice nodes for the current kernel.
         Starting Create Static Device Nodes in /dev...
[    6.046257] Loading iSCSI transport class v2.0-870.
[    6.051972] iscsi: registered transport (tcp)
[[0;32m  OK  [0m] Started File System Check Daemon to report status.
[[0;32m  OK  [0m] Mounted Kernel Debug File System.
[[0;32m  OK  [0m] Mounted Huge Pages File System.
[[0;32m  OK  [0m] Mounted POSIX Message Queue File System.
[[0;32m  OK  [0m] Started LVM2 metadata daemon.
[[0;32m  OK  [0m] Started Create Static Device Nodes in /dev.
[[0;32m  OK  [0m] Started udev Coldplug all Devices.
[[0;32m  OK  [0m] Started Journal Service.
[[0;32m  OK  [0m] Started File [    6.193519] iscsi: registered transport (iser)
System Check on Root Device.
         Starting Remount Root and Kernel File Systems...
[[0;32m  OK  [0m] Started Load Kernel Modules.
         Starting Apply Kernel Variables...
         Mounting Kernel Configuration File System...
         Mounting FUSE Control File System...
[[0;32m  OK  [0m] Mounted FUSE Control File System.
[[0;32m  OK  [0m] Mounted Kernel Configuration File System.
[[0;32m  OK  [0m] Started Remount Root and Kernel File Systems.
         Starting udev Kernel Device Manager...
         Starting Flush Journal to Persistent Storage...
         Starting Load/Save Random Seed...
[[0;32m  OK  [0m] Started Apply Kernel Variables.
[[0;32m  OK  [0m] Started Monitoring of LVM2 mirrors,â€¦sing dmeventd or progress polling.
[[0;32m  OK  [0m] Started Load/Save Random Seed.
[[0;32m  OK  [0m] Started udev Kernel Device Manager.
[[0;32m  OK  [0m] Started Flush Journal to Persistent Storage.
[[0;32m  OK  [0m] Found device /dev/ttyS0.
[[0;32m  OK  [0m] Listening on Load/Save RF Kill Switch Status /dev/rfkill Watch.
         Mounting Arbitrary Executable File Formats File System...
[[0;32m  OK  [0m] Mounted Arbitrary Executable File Formats File System.
[[0;32m  OK  [0m] Started Set the console keyboard layout.
[[0;32m  OK  [0m] Started Dispatch Password Requests to Console Directory Watch.
[[0;32m  OK  [0m] Reached target Local Encrypted Volumes.
[[0;32m  OK  [0m] Reached target Local File Systems (Pre).
[[0;32m  OK  [0m] Reached target Local File Systems.
         Starting Set console font and keymap...
         Starting Tell Plymouth To Write Out Runtime Data...
         Starting Create Volatile Files and Directories...
         Starting AppArmor initialization...
         Starting Commit a transient machine-id on disk...
         Starting ebtables ruleset management...
[[0;32m  OK  [0m] Started Tell Plymouth To Write Out Runtime Data.
[[0;32m  OK  [0m] Started Create Volatile Files and Directories.
         Starting Update UTMP about System Boot/Shutdown...
[[0;32m  OK  [0m] Started Update UTMP about System Boot/Shutdown.
[[0;32m  OK  [0m] Started Commit a transient machine-id on disk.
[[0;32m  OK  [0m] Started ebtables ruleset management.
[[0;32m  OK  [0m] Started AppArmor initialization.
         Starting Initial cloud-init job (pre-networking)...
         Starting Load AppArmor profiles managed internally by snapd...
[[0;32m  OK  [0m] Started Load AppArmor profiles managed internally by snapd.
[[0;32m  OK  [0m] Started Set console font and keymap.
[   10.024310] cloud-init[801]: Cloud-init v. 23.1.2-0ubuntu0~18.04.1 running 'init-local' at Thu, 30 Nov 2023 14:37:54 +0000. Up 9.61 seconds.
[[0;32m  OK  [0m] Started Initial cloud-init job (pre-networking).
[[0;32m  OK  [0m] Reached target Network (Pre).
         Starting Network Service...
[[0;32m  OK  [0m] Started Network Service.
         Starting Network Name Resolution...
         Starting Wait for Network to be Configured...
[[0;32m  OK  [0m] Started Network Name Resolution.
[[0;32m  OK  [0m] Reached target Host and Network Name Lookups.
[[0;32m  OK  [0m] Reached target Network.
[[0;32m  OK  [0m] Started Wait for Network to be Configured.
         Starting Initial cloud-init job (metadata service crawler)...
[   12.631873] cloud-init[962]: Cloud-init v. 23.1.2-0ubuntu0~18.04.1 running 'init' at Thu, 30 Nov 2023 14:37:57 +0000. Up 12.44 seconds.
[   12.633625] cloud-init[962]: ci-info: ++++++++++++++++++++++++++++++++++++++Net device info+++++++++++++++++++++++++++++++++++++++
[   12.634800] cloud-init[962]: ci-info: +--------+-------+----------------------------+---------------+--------+-------------------+
[   12.636735] cloud-init[962]: ci-info: | Device |   Up  |          Address           |      Mask     | Scope  |     Hw-Address    |
[   12.648957] cloud-init[962]: ci-info: +--------+-------+----------------------------+---------------+--------+-------------------+
[   12.650406] cloud-init[962]: ci-info: | enp0s3 |  True |         10.0.2.15          | 255.255.255.0 | global | 02:3b:7b:b7:3b:2d |
[   12.664391] cloud-init[962]: ci-info: | enp0s3 |  True | fe80::3b:7bff:feb7:3b2d/64 |       .       |  link  | 02:3b:7b:b7:3b:2d |
[   12.666530] cloud-init[962]: ci-info: | enp0s8 | False |             .              |       .       |   .    | 08:00:27:57:ee:3d |
[   12.668697] cloud-init[962]: ci-info: |   lo   |  True |         127.0.0.1          |   255.0.0.0   |  host  |         .         |
[   12.670794] cloud-init[962]: ci-info: |   lo   |  True |          ::1/128           |       .       |  host  |         .         |
[   12.672969] cloud-init[962]: ci-info: +--------+-------+----------------------------+---------------+--------+-------------------+
[   12.675039] cloud-init[962]: ci-info: ++++++++++++++++++++++++++++Route IPv4 info+++++++++++++++++++++++++++++
[   12.676944] cloud-init[962]: ci-info: +-------+-------------+----------+-----------------+-----------+-------+
[   12.678793] cloud-init[962]: ci-info: | Route | Destination | Gateway  |     Genmask     | Interface | Flags |
[   12.680666] cloud-init[962]: ci-info: +-------+-------------+----------+-----------------+-----------+-------+
[   12.682521] cloud-init[962]: ci-info: |   0   |   0.0.0.0   | 10.0.2.2 |     0.0.0.0     |   enp0s3  |   UG  |
[   12.684366] cloud-init[962]: ci-info: |   1   |   10.0.2.0  | 0.0.0.0  |  255.255.255.0  |   enp0s3  |   U   |
[   12.686198] cloud-init[962]: ci-info: |   2   |   10.0.2.2  | 0.0.0.0  | 255.255.255.255 |   enp0s3  |   UH  |
[   12.688157] cloud-init[962]: ci-info: +-------+-------------+----------+-----------------+-----------+-------+
[   12.690099] cloud-init[962]: ci-info: +++++++++++++++++++Route IPv6 info+++++++++++++++++++
[   12.692484] cloud-init[962]: ci-info: +-------+-------------+---------+-----------+-------+
[   12.705065] cloud-init[962]: ci-info: | Route | Destination | Gateway | Interface | Flags |
[   12.706203] cloud-init[962]: ci-info: +-------+-------------+---------+-----------+-------+
[   12.707313] cloud-init[962]: ci-info: |   1   |  fe80::/64  |    ::   |   enp0s3  |   U   |
[   12.708550] cloud-init[962]: ci-info: |   3   |    local    |    ::   |   enp0s3  |   U   |
[   12.709747] cloud-init[962]: ci-info: |   4   |   ff00::/8  |    ::   |   enp0s3  |   U   |
[   12.710983] cloud-init[962]: ci-info: +-------+-------------+---------+-----------+-------+
[   13.946094] cloud-init[962]: Generating public/private rsa key pair.
[   13.946998] cloud-init[962]: Your identification has been saved in /etc/ssh/ssh_host_rsa_key.
[   13.948277] cloud-init[962]: Your public key has been saved in /etc/ssh/ssh_host_rsa_key.pub.
[   13.949571] cloud-init[962]: The key fingerprint is:
[   13.950327] cloud-init[962]: SHA256:hU7k98qMq5U93pHmARVxe01j/3wOEA5dR6hluAWV5z0 root@ubuntu-bionic
[   13.951562] cloud-init[962]: The key's randomart image is:
[   13.952373] cloud-init[962]: +---[RSA 2048]----+
[   13.953126] cloud-init[962]: |        . ..=*+*+|
[   13.954049] cloud-init[962]: |       o . oo+B+=|
[   13.954918] cloud-init[962]: |        + o +*.o=|
[   13.955753] cloud-init[962]: |       o o oo. E+|
[   13.956473] cloud-init[962]: |        S . . . =|
[   13.957150] cloud-init[962]: |         * o . o.|
[   13.957853] cloud-init[962]: |        + * =   .|
[   13.958523] cloud-init[962]: |       . o = o   |
[   13.959195] cloud-init[962]: |      ... . o    |
[   13.959861] cloud-init[962]: +----[SHA256]-----+
[   13.960585] cloud-init[962]: Generating public/private dsa key pair.
[   13.961465] cloud-init[962]: Your identification has been saved in /etc/ssh/ssh_host_dsa_key.
[   13.962630] cloud-init[962]: Your public key has been saved in /etc/ssh/ssh_host_dsa_key.pub.
[   13.963792] cloud-init[962]: The key fingerprint is:
[   13.964499] cloud-init[962]: SHA256:qO8IiYwtUb35JCdWdIFt5zW7UjmrJSteha+6sZO20PQ root@ubuntu-bionic
[   13.965735] cloud-init[962]: The key's randomart image is:
[   13.966453] cloud-init[962]: +---[DSA 1024]----+
[   13.967117] cloud-init[962]: |      .oo.       |
[   13.967743] cloud-init[962]: |   . ...o . o    |
[   13.968463] cloud-init[962]: |  . . .. o . +   |
[   13.969110] cloud-init[962]: | .   + .  ..=    |
[   13.969752] cloud-init[962]: |.   * + S ...+   |
[   13.970398] cloud-init[962]: |o+ o B o .oo+    |
[   13.971037] cloud-init[962]: |+.+ . o o.E*.    |
[   13.971690] cloud-init[962]: | . . o .=+o.     |
[   13.972381] cloud-init[962]: |    ..oo**.      |
[   13.973044] cloud-init[962]: +----[SHA256]-----+
[   13.973691] cloud-init[962]: Generating public/private ecdsa key pair.
[   13.974566] cloud-init[962]: Your identification has been saved in /etc/ssh/ssh_host_ecdsa_key.
[   13.975703] cloud-init[962]: Your public key has been saved in /etc/ssh/ssh_host_ecdsa_key.pub.
[   13.976891] cloud-init[962]: The key fingerprint is:
[   14.002499] cloud-init[962]: SHA256:K/95siX7rK0hKHwyfyJcV6/iIQCgAMAvqPvsHbDP3A8 root@ubuntu-bionic
[   14.003625] cloud-init[962]: The key's randomart image is:
[   14.004408] cloud-init[962]: +---[ECDSA 256]---+
[   14.005115] cloud-init[962]: |O                |
[   14.005753] cloud-init[962]: |oo               |
[   14.006338] cloud-init[962]: |o o              |
[   14.006978] cloud-init[962]: |.. o      .      |
[   14.007631] cloud-init[962]: |. o .   S. .     |
[   14.008281] cloud-init[962]: |.  + .....  .    |
[   14.009019] cloud-init[962]: | ...*.E.+ o..    |
[   14.009910] cloud-init[962]: |.. =oO.=oooO.    |
[   14.010697] cloud-init[962]: | o+ =.o=+oBB+    |
[   14.011302] cloud-init[962]: +----[SHA256]-----+
[   14.011896] cloud-init[962]: Generating public/private ed25519 key pair.
[   14.012767] cloud-init[962]: Your identification has been saved in /etc/ssh/ssh_host_ed25519_key.
[   14.013830] cloud-init[962]: Your public key has been saved in /etc/ssh/ssh_host_ed25519_key.pub.
[   14.014938] cloud-init[962]: The key fingerprint is:
[   14.015586] cloud-init[962]: SHA256:fw6EE4HAvQowtaxIo9X32uMrbU0dBKMlX6NS1mr5AGI root@ubuntu-bionic
[   14.016685] cloud-init[962]: The key's randomart image is:
[   14.017361] cloud-init[962]: +--[ED25519 256]--+
[   14.017991] cloud-init[962]: | ....o .o *oo    |
[   14.018625] cloud-init[962]: |o. o. E .O +o.   |
[   14.019247] cloud-init[962]: | =+ ...o+.o+     |
[   14.019886] cloud-init[962]: |+oo  ... += .    |
[   14.020578] cloud-init[962]: |+  . .  S..+ .   |
[   14.021189] cloud-init[962]: |    .  o +. o    |
[   14.021853] cloud-init[962]: |      ..ooo .    |
[   14.022489] cloud-init[962]: |      ..o..+     |
[   14.023187] cloud-init[962]: |       oo.  .    |
[   14.023845] cloud-init[962]: +----[SHA256]-----+
[[0;32m  OK  [0m] Started Initial cloud-init job (metadata service crawler).
[[0;32m  OK  [0m] Reached target System Initialization.
[[0;32m  OK  [0m] Started ACPI Events Check.
         Starting Socket activation for snappy daemon.
[[0;32m  OK  [0m] Started Daily apt download activities.
[[0;32m  OK  [0m] Started Daily apt upgrade and clean activities.
[[0;32m  OK  [0m] Reached target Paths.
[[0;32m  OK  [0m] Started Ubuntu Advantage Timer for running repeated jobs.
[[0;32m  OK  [0m] Listening on cloud-init hotplug hook socket.
         Starting LXD - unix socket.
[[0;32m  OK  [0m] Listening on D-Bus System Message Bus Socket.
[[0;32m  OK  [0m] Listening on Open-iSCSI iscsid Socket.
[[0;32m  OK  [0m] Listening on UUID daemon activation socket.
[[0;32m  OK  [0m] Listening on ACPID Listen Socket.
[[0;32m  OK  [0m] Started Discard unused blocks once a week.
[[0;32m  OK  [0m] Started Daily Cleanup of Temporary Directories.
[[0;32m  OK  [0m] Started Message of the Day.
[[0;32m  OK  [0m] Reached target Timers.
[[0;32m  OK  [0m] Reached target Cloud-config availability.
[[0;32m  OK  [0m] Reached target Network is Online.
[[0;32m  OK  [0m] Reached target Remote File Systems (Pre).
[[0;32m  OK  [0m] Reached target Remote File Systems.
         Starting Availability of block devices...
[[0;32m  OK  [0m] Listening on Socket activation for snappy daemon.
[[0;32m  OK  [0m] Listening on LXD - unix socket.
[[0;32m  OK  [0m] Reached target Sockets.
[[0;32m  OK  [0m] Reached target Basic System.
[[0;32m  OK  [0m] Started irqbalance daemon.
[[0;32m  OK  [0m] Started Regular background program processing daemon.
         Starting Accounts Service...
         Starting LSB: Record successful boot for GRUB...
         Starting Pollinate to seed the pseudo random number generator...
         Starting Dispatcher daemon for systemd-networkd...
         Starting Permit User Sessions...
[[0;32m  OK  [0m] Started D-Bus System Message Bus.
         Starting System Logging Service...
         Starting LXD - container startup/shutdown...
         Starting Virtualbox guest utils...
         Starting LSB: automatic crash report generation...
[[0;32m  OK  [0m] Started FUSE filesystem for LXC.
         Starting Login Service...
[[0;32m  OK  [0m] Started Deferred execution scheduler.
[[0;32m  OK  [0m] Reached target Login Prompts (Pre).
         Starting Snap Daemon...
[[0;32m  OK  [0m] Started System Logging Service.
[[0;32m  OK  [0m] Started Availability of block devices.
[[0;32m  OK  [0m] Started Permit User Sessions.
         Starting Authorization Manager...
         Starting Terminate Plymouth Boot Screen...
         Starting Hold until boot process finishes up...
[[0;32m  OK  [0m] Started Hold until boot process finishes up.
[[0;32m  OK  [0m] Started Serial Getty on ttyS0.
         Starting Set console scheme...
[[0;32m  OK  [0m] Started Login Service.
[[0;32m  OK  [0m] Started Terminate Plymouth Boot Screen.
[[0;32m  OK  [0m] Started Unattended Upgrades Shutdown.
[[0;32m  OK  [0m] Started LSB: automatic crash report generation.
[[0;32m  OK  [0m] Started Set console scheme.
[[0;32m  OK  [0m] Created slice system-getty.slice.
[[0;32m  OK  [0m] Started Getty on tty1.
[[0;32m  OK  [0m] Reached target Login Prompts.
[[0;32m  OK  [0m] Started Authorization Manager.
[[0;32m  OK  [0m] Started Accounts Service.
[[0;32m  OK  [0m] Started LXD - container startup/shutdown.
[[0;32m  OK  [0m] Started Virtualbox guest utils.
[[0;32m  OK  [0m] Started LSB: Record successful boot for GRUB.
[[0;32m  OK  [0m] Started Dispatcher daemon for systemd-networkd.
[[0;32m  OK  [0m] Started Snap Daemon.
         Starting Wait until snapd is fully seeded...
         Starting Time & Date Service...
[[0;32m  OK  [0m] Started Time & Date Service.
[[0;32m  OK  [0m] Started Pollinate to seed the pseudo random number generator.
         Starting OpenBSD Secure Shell server...
[[0;32m  OK  [0m] Started OpenBSD Secure Shell server.
[[0;32m  OK  [0m] Created slice User Slice of vagrant.
         Starting User Manager for UID 1000...
[[0;32m  OK  [0m] Started Session 1 of user vagrant.
[[0;32m  OK  [0m] Started User Manager for UID 1000.
[[0;32m  OK  [0m] Started Wait until snapd is fully seeded.
         Starting Apply the settings specified in cloud-config...
[   20.097792] cloud-init[1605]: Cloud-init v. 23.1.2-0ubuntu0~18.04.1 running 'modules:config' at Thu, 30 Nov 2023 14:38:04 +0000. Up 19.61 seconds.

Ubuntu 18.04.6 LTS ubuntu-bionic ttyS0

ubuntu-bionic login: ci-info: no authorized SSH keys fingerprints found for user ubuntu.
<14>Nov 30 14:38:05 cloud-init: #############################################################
<14>Nov 30 14:38:05 cloud-init: -----BEGIN SSH HOST KEY FINGERPRINTS-----
<14>Nov 30 14:38:05 cloud-init: 1024 SHA256:qO8IiYwtUb35JCdWdIFt5zW7UjmrJSteha+6sZO20PQ root@ubuntu-bionic (DSA)
<14>Nov 30 14:38:05 cloud-init: 256 SHA256:K/95siX7rK0hKHwyfyJcV6/iIQCgAMAvqPvsHbDP3A8 root@ubuntu-bionic (ECDSA)
<14>Nov 30 14:38:05 cloud-init: 256 SHA256:fw6EE4HAvQowtaxIo9X32uMrbU0dBKMlX6NS1mr5AGI root@ubuntu-bionic (ED25519)
<14>Nov 30 14:38:05 cloud-init: 2048 SHA256:hU7k98qMq5U93pHmARVxe01j/3wOEA5dR6hluAWV5z0 root@ubuntu-bionic (RSA)
<14>Nov 30 14:38:05 cloud-init: -----END SSH HOST KEY FINGERPRINTS-----
<14>Nov 30 14:38:05 cloud-init: #############################################################
-----BEGIN SSH HOST KEY KEYS-----
ecdsa-sha2-nistp256 AAAAE2VjZHNhLXNoYTItbmlzdHAyNTYAAAAIbmlzdHAyNTYAAABBBAwyPxarXJHbDvo6+9LgNQIx7A+QMmtDJx+GbDanqdukcs2qKVsYlBhldgbNj9dC0yFx9GOwsRAGGYlxUKUr4Cc= root@ubuntu-bionic
ssh-ed25519 AAAAC3NzaC1lZDI1NTE5AAAAICJ0nMiThc76/My1A8Qf6ZHCbv6AoY4T88J7bzmCPyFW root@ubuntu-bionic
ssh-rsa AAAAB3NzaC1yc2EAAAADAQABAAABAQCsQiivQ9wawObSWSNOy6Rq0XDjOFGniqeAsTFdMm1QeY0La0DEfE00Ci4ICeIMgdZ1O4LnkJU8nvx8TVlzOkfaGXKu/rAZKIPrCfIDJmGlazw8Q1ry6FVM53IdiPPur1Ntvolsra1gIPrnn96+4H8rgEQZSrf17ZZItz77DY7lMkYlsQ8GbI4AJpPenzFwhkT2dxz7H+1qOwBeMQhuEv/cWs0H3rmr0UFfCEGQaRbOs1QARiiqaogKLRhu6+md597HAkQKmcJYb7FOl/HBe5yZyyLuGzZBujcmKZ/WbGRwfA2lQN7qfzY/nsI/mmOYffjhmkAgdPi2JUimvHwUM11v root@ubuntu-bionic
-----END SSH HOST KEY KEYS-----
[   20.925355] cloud-init[1781]: Cloud-init v. 23.1.2-0ubuntu0~18.04.1 running 'modules:final' at Thu, 30 Nov 2023 14:38:05 +0000. Up 20.70 seconds.
[   20.925465] cloud-init[1781]: Cloud-init v. 23.1.2-0ubuntu0~18.04.1 finished at Thu, 30 Nov 2023 14:38:05 +0000. Datasource DataSourceNoCloud [seed=/dev/sdb][dsmode=net].  Up 20.91 seconds
